{"id": "direct", "expected": "OK", "exit": 28, "current": {"anchor": "OK", "exit": 0, "stderr": ""}, "observed_bug": false, "server_hits": []}
{"id": "aggregate-Zg-single", "expected": "OK", "exit": 28, "current": {"anchor": "OK", "exit": 0, "stderr": ""}, "observed_bug": false, "server_hits": []}
{"id": "aggregate-gJ-single", "expected": "OK", "exit": 28, "current": {"anchor": "OK", "exit": 0, "stderr": ""}, "observed_bug": false, "server_hits": []}
{"id": "aggregate-Zg-two", "expected": "MISSING", "exit": 28, "current": {"anchor": "MISSING", "exit": 0, "stderr": ""}, "observed_bug": false, "server_hits": [{"method": "GET", "path": "/ok", "status": 200}]}
{"id": "aggregate-gJ-two", "expected": "MISSING", "exit": 28, "current": {"anchor": "MISSING", "exit": 0, "stderr": ""}, "observed_bug": false, "server_hits": [{"method": "GET", "path": "/ok", "status": 200}]}
{"id": "aggregate-JO-single", "expected": "MISSING", "exit": 28, "current": {"anchor": "MISSING", "exit": 0, "stderr": ""}, "observed_bug": false, "server_hits": []}
{"id": "J-O-single", "expected": "MISSING", "exit": 28, "current": {"anchor": "MISSING", "exit": 0, "stderr": ""}, "observed_bug": false, "server_hits": []}
{"id": "glob-query-plain", "expected": "MISSING", "exit": 28, "current": {"anchor": "MISSING", "exit": 0, "stderr": ""}, "observed_bug": false, "server_hits": []}
{"id": "glob-query-off-short", "expected": "MISSING", "exit": 28, "current": {"anchor": "MISSING", "exit": 0, "stderr": ""}, "observed_bug": false, "server_hits": []}
{"id": "glob-query-off-long", "expected": "MISSING", "exit": 28, "current": {"anchor": "MISSING", "exit": 0, "stderr": ""}, "observed_bug": false, "server_hits": []}
{"id": "glob-encoded-braces", "expected": "OK", "exit": 28, "current": {"anchor": "OK", "exit": 0, "stderr": ""}, "observed_bug": false, "server_hits": []}
{"id": "glob-encoded-brackets", "expected": "OK", "exit": 28, "current": {"anchor": "OK", "exit": 0, "stderr": ""}, "observed_bug": false, "server_hits": []}
{"id": "glob-escaped-braces", "expected": "MISSING", "exit": 28, "current": {"anchor": "MISSING", "exit": 0, "stderr": ""}, "observed_bug": false, "server_hits": []}
{"id": "glob-after-terminator-encoded", "expected": "OK", "exit": 28, "current": {"anchor": "OK", "exit": 0, "stderr": ""}, "observed_bug": false, "server_hits": []}
{"id": "glob-after-terminator-query", "expected": "MISSING", "exit": 28, "current": {"anchor": "MISSING", "exit": 0, "stderr": ""}, "observed_bug": false, "server_hits": []}
{"id": "glob-retry-redirect", "expected": "MISSING", "exit": 0, "current": {"anchor": "MISSING", "exit": 0, "stderr": ""}, "observed_bug": false, "server_hits": [{"method": "GET", "path": "/redirect", "status": 302}, {"method": "GET", "path": "/redirect", "status": 302}, {"method": "GET", "path": "/ok", "status": 200}]}
{"id": "retry-all-errors-no-retry", "expected": "MISSING", "exit": 28, "current": {"anchor": "MISSING", "exit": 0, "stderr": ""}, "observed_bug": false, "server_hits": []}
{"id": "retry-connrefused-no-retry", "expected": "MISSING", "exit": 28, "current": {"anchor": "MISSING", "exit": 0, "stderr": ""}, "observed_bug": false, "server_hits": []}
{"id": "retry-delay-no-retry", "expected": "MISSING", "exit": 28, "current": {"anchor": "MISSING", "exit": 0, "stderr": ""}, "observed_bug": false, "server_hits": []}
{"id": "retry-max-time-no-retry", "expected": "MISSING", "exit": 28, "current": {"anchor": "MISSING", "exit": 0, "stderr": ""}, "observed_bug": false, "server_hits": []}
{"id": "auth-challenge-no-credentials", "expected": "MISSING", "exit": 0, "current": {"anchor": "MISSING", "exit": 0, "stderr": ""}, "observed_bug": false, "server_hits": [{"method": "GET", "path": "/auth", "status": 401}]}
{"id": "http2-plain", "expected": "MISSING", "exit": 0, "current": {"anchor": "MISSING", "exit": 0, "stderr": ""}, "observed_bug": false, "server_hits": [{"method": "GET", "path": "/ok", "status": 200}]}
{"id": "encoded-literal-success", "expected": "MISSING", "exit": 0, "current": {"anchor": "MISSING", "exit": 0, "stderr": ""}, "observed_bug": false, "server_hits": [{"method": "GET", "path": "/%7Ba,b%7D", "status": 200}]}
{"id": "upload-glob-short", "expected": "MISSING", "exit": 7, "current": {"anchor": "OK", "exit": 0, "stderr": ""}, "observed_bug": true, "server_hits": [{"method": "PUT", "path": "/upload/a.txt", "status": 200, "received_bytes": 18, "listening_closed_before_response": true}]}
{"id": "upload-glob-long", "expected": "MISSING", "exit": 7, "current": {"anchor": "OK", "exit": 0, "stderr": ""}, "observed_bug": true, "server_hits": [{"method": "PUT", "path": "/upload/a.txt", "status": 200, "received_bytes": 18, "listening_closed_before_response": true}]}
{"id": "upload-glob-short-attached", "expected": "MISSING", "exit": 7, "current": {"anchor": "OK", "exit": 0, "stderr": ""}, "observed_bug": true, "server_hits": [{"method": "PUT", "path": "/upload/a.txt", "status": 200, "received_bytes": 18, "listening_closed_before_response": true}]}
{"id": "upload-glob-short-aggregate", "expected": "MISSING", "exit": 7, "current": {"anchor": "OK", "exit": 0, "stderr": ""}, "observed_bug": true, "server_hits": [{"method": "PUT", "path": "/upload/a.txt", "status": 200, "received_bytes": 18, "listening_closed_before_response": true}]}
{"id": "upload-glob-range", "expected": "MISSING", "exit": 7, "current": {"anchor": "OK", "exit": 0, "stderr": ""}, "observed_bug": true, "server_hits": [{"method": "PUT", "path": "/upload/item1.txt", "status": 200, "received_bytes": 18, "listening_closed_before_response": true}]}
{"id": "upload-glob-after-terminator", "expected": "MISSING", "exit": 7, "current": {"anchor": "OK", "exit": 0, "stderr": ""}, "observed_bug": true, "server_hits": [{"method": "PUT", "path": "/upload/a.txt", "status": 200, "received_bytes": 18, "listening_closed_before_response": true}]}
{"id": "upload-glob-with-g", "expected": "MISSING", "exit": 26, "current": {"anchor": "MISSING", "exit": 0, "stderr": ""}, "observed_bug": false, "server_hits": []}
{"id": "upload-glob-long-equals", "expected": "MISSING", "exit": 2, "current": {"anchor": "MISSING", "exit": 0, "stderr": ""}, "observed_bug": false, "server_hits": []}
{"id": "upload-single-closed", "expected": "OK", "exit": 28, "current": {"anchor": "OK", "exit": 0, "stderr": ""}, "observed_bug": false, "server_hits": []}
{"id": "upload-long-single-closed", "expected": "OK", "exit": 28, "current": {"anchor": "OK", "exit": 0, "stderr": ""}, "observed_bug": false, "server_hits": []}
{"id": "ftp-passive-default", "expected": "MISSING", "exit": 28, "current": {"anchor": "MISSING", "exit": 0, "stderr": ""}, "observed_bug": false, "server_hits": [{"verb": "USER"}, {"verb": "PASS"}, {"verb": "PWD"}, {"verb": "EPSV"}, {"verb": "PASV"}]}
{"id": "ftp-passive-parallel", "expected": "MISSING", "exit": 28, "current": {"anchor": "MISSING", "exit": 0, "stderr": ""}, "observed_bug": false, "server_hits": [{"verb": "USER"}, {"verb": "PASS"}, {"verb": "PWD"}, {"verb": "EPSV"}, {"verb": "PASV"}]}
{"id": "ftp-control-port-closed", "expected": "MISSING", "exit": 28, "current": {"anchor": "MISSING", "exit": 0, "stderr": ""}, "observed_bug": false, "server_hits": []}
{"total": 36, "bugs": ["upload-glob-short", "upload-glob-long", "upload-glob-short-attached", "upload-glob-short-aggregate", "upload-glob-range", "upload-glob-after-terminator"], "all_task_servers_closed": true}
